// Jest Snapshot v1, https://goo.gl/fbAQLP

exports[`views/includes/head Google Analytics section should not render if googleAnalyticsId and cookies.cookie_policy.usage are not set 1`] = `
"
    

  <!--[if lte IE 8]><link href=\\"/public/stylesheets/main-ie8.css\\" rel=\\"stylesheet\\" type=\\"text/css\\" /><![endif]-->
  <!--[if gt IE 8]><!--><link href=\\"/public/stylesheets/main.css\\" media=\\"all\\" rel=\\"stylesheet\\" type=\\"text/css\\" /><!--<![endif]-->

  <p hidden id=\\"gaId\\"></p>

  

  <script src=\\"/public/common/javascripts/index.bundle.js\\" defer></script>



    "
`;

exports[`views/includes/head Google Analytics section should not render if googleAnalyticsId is not set but cookies.cookie_policy.usage is set 1`] = `
"
    

  <!--[if lte IE 8]><link href=\\"/public/stylesheets/main-ie8.css\\" rel=\\"stylesheet\\" type=\\"text/css\\" /><![endif]-->
  <!--[if gt IE 8]><!--><link href=\\"/public/stylesheets/main.css\\" media=\\"all\\" rel=\\"stylesheet\\" type=\\"text/css\\" /><!--<![endif]-->

  <p hidden id=\\"gaId\\"></p>

  

  <script src=\\"/public/common/javascripts/index.bundle.js\\" defer></script>



    "
`;

exports[`views/includes/head Google Analytics section should not render if googleAnalyticsId is set but cookies.cookie_policy.usage is not set 1`] = `
"
    

  <!--[if lte IE 8]><link href=\\"/public/stylesheets/main-ie8.css\\" rel=\\"stylesheet\\" type=\\"text/css\\" /><![endif]-->
  <!--[if gt IE 8]><!--><link href=\\"/public/stylesheets/main.css\\" media=\\"all\\" rel=\\"stylesheet\\" type=\\"text/css\\" /><!--<![endif]-->

  <p hidden id=\\"gaId\\">123</p>

  

  <script src=\\"/public/common/javascripts/index.bundle.js\\" defer></script>



    "
`;

exports[`views/includes/head Google Analytics section should render if googleAnalyticsId and cookies.cookie_policy.usage are set 1`] = `
"
    

  <!--[if lte IE 8]><link href=\\"/public/stylesheets/main-ie8.css\\" rel=\\"stylesheet\\" type=\\"text/css\\" /><![endif]-->
  <!--[if gt IE 8]><!--><link href=\\"/public/stylesheets/main.css\\" media=\\"all\\" rel=\\"stylesheet\\" type=\\"text/css\\" /><!--<![endif]-->

  <p hidden id=\\"gaId\\">123</p>

  
<!-- Global site tag (gtag.js) - Google Analytics -->

  <script>
    window.dataLayer = window.dataLayer || [];
    function gtag(){dataLayer.push(arguments);}
    gtag('js', new Date());

    gtag('config', '123');
  </script>
  

  <script src=\\"/public/common/javascripts/index.bundle.js\\" defer></script>



    "
`;
