// Jest Snapshot v1, https://goo.gl/fbAQLP

exports[`lib/client-side/google-analytics initialiseGoogleAnalytics when the Google Tag Manager feature flag is false 1`] = `
<body>
  <p
    id="gaId"
  >
    some-test-value
  </p>
  <script
    src="https://www.googletagmanager.com/gtag/js?id=some-test-value"
    type="text/javascript"
  />
  <script />
</body>
`;

exports[`lib/client-side/google-analytics initialiseGoogleAnalytics when the Google Tag Manager feature flag is true 1`] = `null`;
